---
source: crates/stdlib/src/_opcode.rs
assertion_line: 281
expression: "dis(r#\"\nx = not True\n\"#)"
---
  0           RESUME                   0

  1           LOAD_CONST               2 (False)
              STORE_NAME               0 (x)
              LOAD_CONST               1 (None)
              RETURN_VALUE
