---
source: compiler/parser/src/parser.rs
expression: parse_ast
---
[
    Located {
        range: 0..13,
        custom: (),
        node: Expr {
            value: Located {
                range: 0..13,
                custom: (),
                node: Constant {
                    value: Str(
                        "Hello world",
                    ),
                    kind: None,
                },
            },
        },
    },
]
