---
source: compiler/parser/src/parser.rs
expression: parse_ast
---
Located {
    start: Location {
        row: 1,
        column: 1,
    },
    end: Location {
        row: 1,
        column: 27,
    },
    custom: (),
    node: GeneratorExp {
        elt: Located {
            start: Location {
                row: 1,
                column: 4,
            },
            end: Location {
                row: 1,
                column: 15,
            },
            custom: (),
            node: IfExp {
                test: Located {
                    start: Location {
                        row: 1,
                        column: 7,
                    },
                    end: Location {
                        row: 1,
                        column: 8,
                    },
                    custom: (),
                    node: Name {
                        id: "y",
                        ctx: Load,
                    },
                },
                body: Located {
                    start: Location {
                        row: 1,
                        column: 2,
                    },
                    end: Location {
                        row: 1,
                        column: 3,
                    },
                    custom: (),
                    node: Name {
                        id: "x",
                        ctx: Load,
                    },
                },
                orelse: Located {
                    start: Location {
                        row: 1,
                        column: 14,
                    },
                    end: Location {
                        row: 1,
                        column: 15,
                    },
                    custom: (),
                    node: Name {
                        id: "y",
                        ctx: Load,
                    },
                },
            },
        },
        generators: [
            Comprehension {
                target: Located {
                    start: Location {
                        row: 1,
                        column: 20,
                    },
                    end: Location {
                        row: 1,
                        column: 21,
                    },
                    custom: (),
                    node: Name {
                        id: "y",
                        ctx: Load,
                    },
                },
                iter: Located {
                    start: Location {
                        row: 1,
                        column: 25,
                    },
                    end: Location {
                        row: 1,
                        column: 26,
                    },
                    custom: (),
                    node: Name {
                        id: "z",
                        ctx: Load,
                    },
                },
                ifs: [],
                is_async: 0,
            },
        ],
    },
}
