---
source: compiler/parser/src/parser.rs
expression: parse_ast
---
[
    Located {
        range: 0..32,
        custom: (),
        node: Expr {
            value: Located {
                range: 0..32,
                custom: (),
                node: Call {
                    func: Located {
                        range: 0..7,
                        custom: (),
                        node: Name {
                            id: "my_func",
                            ctx: Load,
                        },
                    },
                    args: [
                        Located {
                            range: 8..20,
                            custom: (),
                            node: Constant {
                                value: Str(
                                    "positional",
                                ),
                                kind: None,
                            },
                        },
                    ],
                    keywords: [
                        Located {
                            range: 22..31,
                            custom: (),
                            node: KeywordData {
                                arg: Some(
                                    "keyword",
                                ),
                                value: Located {
                                    range: 30..31,
                                    custom: (),
                                    node: Constant {
                                        value: Int(
                                            2,
                                        ),
                                        kind: None,
                                    },
                                },
                            },
                        },
                    ],
                },
            },
        },
    },
]
