---
source: compiler/parser/src/parser.rs
expression: parse_ast
---
[
    Located {
        range: 1..73,
        custom: (),
        node: Match {
            subject: Located {
                range: 7..18,
                custom: (),
                node: Dict {
                    keys: [
                        Some(
                            Located {
                                range: 8..14,
                                custom: (),
                                node: Constant {
                                    value: Str(
                                        "test",
                                    ),
                                    kind: None,
                                },
                            },
                        ),
                    ],
                    values: [
                        Located {
                            range: 16..17,
                            custom: (),
                            node: Constant {
                                value: Int(
                                    1,
                                ),
                                kind: None,
                            },
                        },
                    ],
                },
            },
            cases: [
                MatchCase {
                    pattern: Located {
                        range: 29..52,
                        custom: (),
                        node: MatchMapping {
                            keys: [],
                            patterns: [],
                            rest: Some(
                                "rest",
                            ),
                        },
                    },
                    guard: None,
                    body: [
                        Located {
                            range: 62..73,
                            custom: (),
                            node: Expr {
                                value: Located {
                                    range: 62..73,
                                    custom: (),
                                    node: Call {
                                        func: Located {
                                            range: 62..67,
                                            custom: (),
                                            node: Name {
                                                id: "print",
                                                ctx: Load,
                                            },
                                        },
                                        args: [
                                            Located {
                                                range: 68..72,
                                                custom: (),
                                                node: Name {
                                                    id: "rest",
                                                    ctx: Load,
                                                },
                                            },
                                        ],
                                        keywords: [],
                                    },
                                },
                            },
                        },
                    ],
                },
            ],
        },
    },
    Located {
        range: 74..177,
        custom: (),
        node: Match {
            subject: Located {
                range: 80..97,
                custom: (),
                node: Dict {
                    keys: [
                        Some(
                            Located {
                                range: 81..88,
                                custom: (),
                                node: Constant {
                                    value: Str(
                                        "label",
                                    ),
                                    kind: None,
                                },
                            },
                        ),
                    ],
                    values: [
                        Located {
                            range: 90..96,
                            custom: (),
                            node: Constant {
                                value: Str(
                                    "test",
                                ),
                                kind: None,
                            },
                        },
                    ],
                },
            },
            cases: [
                MatchCase {
                    pattern: Located {
                        range: 108..155,
                        custom: (),
                        node: MatchMapping {
                            keys: [
                                Located {
                                    range: 118..125,
                                    custom: (),
                                    node: Constant {
                                        value: Str(
                                            "label",
                                        ),
                                        kind: None,
                                    },
                                },
                            ],
                            patterns: [
                                Located {
                                    range: 127..148,
                                    custom: (),
                                    node: MatchAs {
                                        pattern: Some(
                                            Located {
                                                range: 127..139,
                                                custom: (),
                                                node: MatchOr {
                                                    patterns: [
                                                        Located {
                                                            range: 127..132,
                                                            custom: (),
                                                            node: MatchClass {
                                                                cls: Located {
                                                                    range: 127..130,
                                                                    custom: (),
                                                                    node: Name {
                                                                        id: "str",
                                                                        ctx: Load,
                                                                    },
                                                                },
                                                                patterns: [],
                                                                kwd_attrs: [],
                                                                kwd_patterns: [],
                                                            },
                                                        },
                                                        Located {
                                                            range: 135..139,
                                                            custom: (),
                                                            node: MatchSingleton {
                                                                value: None,
                                                            },
                                                        },
                                                    ],
                                                },
                                            },
                                        ),
                                        name: Some(
                                            "label",
                                        ),
                                    },
                                },
                            ],
                            rest: None,
                        },
                    },
                    guard: None,
                    body: [
                        Located {
                            range: 165..177,
                            custom: (),
                            node: Expr {
                                value: Located {
                                    range: 165..177,
                                    custom: (),
                                    node: Call {
                                        func: Located {
                                            range: 165..170,
                                            custom: (),
                                            node: Name {
                                                id: "print",
                                                ctx: Load,
                                            },
                                        },
                                        args: [
                                            Located {
                                                range: 171..176,
                                                custom: (),
                                                node: Name {
                                                    id: "label",
                                                    ctx: Load,
                                                },
                                            },
                                        ],
                                        keywords: [],
                                    },
                                },
                            },
                        },
                    ],
                },
            ],
        },
    },
    Located {
        range: 178..218,
        custom: (),
        node: Match {
            subject: Located {
                range: 184..185,
                custom: (),
                node: Name {
                    id: "x",
                    ctx: Load,
                },
            },
            cases: [
                MatchCase {
                    pattern: Located {
                        range: 196..203,
                        custom: (),
                        node: MatchSequence {
                            patterns: [
                                Located {
                                    range: 197..198,
                                    custom: (),
                                    node: MatchValue {
                                        value: Located {
                                            range: 197..198,
                                            custom: (),
                                            node: Constant {
                                                value: Int(
                                                    0,
                                                ),
                                                kind: None,
                                            },
                                        },
                                    },
                                },
                                Located {
                                    range: 200..201,
                                    custom: (),
                                    node: MatchValue {
                                        value: Located {
                                            range: 200..201,
                                            custom: (),
                                            node: Constant {
                                                value: Int(
                                                    1,
                                                ),
                                                kind: None,
                                            },
                                        },
                                    },
                                },
                            ],
                        },
                    },
                    guard: None,
                    body: [
                        Located {
                            range: 213..218,
                            custom: (),
                            node: Assign {
                                targets: [
                                    Located {
                                        range: 213..214,
                                        custom: (),
                                        node: Name {
                                            id: "y",
                                            ctx: Store,
                                        },
                                    },
                                ],
                                value: Located {
                                    range: 217..218,
                                    custom: (),
                                    node: Constant {
                                        value: Int(
                                            0,
                                        ),
                                        kind: None,
                                    },
                                },
                                type_comment: None,
                            },
                        },
                    ],
                },
            ],
        },
    },
    Located {
        range: 219..259,
        custom: (),
        node: Match {
            subject: Located {
                range: 225..226,
                custom: (),
                node: Name {
                    id: "x",
                    ctx: Load,
                },
            },
            cases: [
                MatchCase {
                    pattern: Located {
                        range: 237..244,
                        custom: (),
                        node: MatchSequence {
                            patterns: [
                                Located {
                                    range: 238..239,
                                    custom: (),
                                    node: MatchValue {
                                        value: Located {
                                            range: 238..239,
                                            custom: (),
                                            node: Constant {
                                                value: Int(
                                                    0,
                                                ),
                                                kind: None,
                                            },
                                        },
                                    },
                                },
                                Located {
                                    range: 241..242,
                                    custom: (),
                                    node: MatchValue {
                                        value: Located {
                                            range: 241..242,
                                            custom: (),
                                            node: Constant {
                                                value: Int(
                                                    1,
                                                ),
                                                kind: None,
                                            },
                                        },
                                    },
                                },
                            ],
                        },
                    },
                    guard: None,
                    body: [
                        Located {
                            range: 254..259,
                            custom: (),
                            node: Assign {
                                targets: [
                                    Located {
                                        range: 254..255,
                                        custom: (),
                                        node: Name {
                                            id: "y",
                                            ctx: Store,
                                        },
                                    },
                                ],
                                value: Located {
                                    range: 258..259,
                                    custom: (),
                                    node: Constant {
                                        value: Int(
                                            0,
                                        ),
                                        kind: None,
                                    },
                                },
                                type_comment: None,
                            },
                        },
                    ],
                },
            ],
        },
    },
    Located {
        range: 260..297,
        custom: (),
        node: Match {
            subject: Located {
                range: 266..267,
                custom: (),
                node: Name {
                    id: "x",
                    ctx: Load,
                },
            },
            cases: [
                MatchCase {
                    pattern: Located {
                        range: 278..282,
                        custom: (),
                        node: MatchSequence {
                            patterns: [
                                Located {
                                    range: 279..280,
                                    custom: (),
                                    node: MatchValue {
                                        value: Located {
                                            range: 279..280,
                                            custom: (),
                                            node: Constant {
                                                value: Int(
                                                    0,
                                                ),
                                                kind: None,
                                            },
                                        },
                                    },
                                },
                            ],
                        },
                    },
                    guard: None,
                    body: [
                        Located {
                            range: 292..297,
                            custom: (),
                            node: Assign {
                                targets: [
                                    Located {
                                        range: 292..293,
                                        custom: (),
                                        node: Name {
                                            id: "y",
                                            ctx: Store,
                                        },
                                    },
                                ],
                                value: Located {
                                    range: 296..297,
                                    custom: (),
                                    node: Constant {
                                        value: Int(
                                            0,
                                        ),
                                        kind: None,
                                    },
                                },
                                type_comment: None,
                            },
                        },
                    ],
                },
            ],
        },
    },
]
