---
source: compiler/parser/src/parser.rs
expression: parse_ast
---
[
    Located {
        range: 0..260,
        custom: (),
        node: TryStar {
            body: [
                Located {
                    range: 9..98,
                    custom: (),
                    node: Raise {
                        exc: Some(
                            Located {
                                range: 15..98,
                                custom: (),
                                node: Call {
                                    func: Located {
                                        range: 15..29,
                                        custom: (),
                                        node: Name {
                                            id: "ExceptionGroup",
                                            ctx: Load,
                                        },
                                    },
                                    args: [
                                        Located {
                                            range: 30..34,
                                            custom: (),
                                            node: Constant {
                                                value: Str(
                                                    "eg",
                                                ),
                                                kind: None,
                                            },
                                        },
                                        Located {
                                            range: 44..97,
                                            custom: (),
                                            node: List {
                                                elts: [
                                                    Located {
                                                        range: 45..58,
                                                        custom: (),
                                                        node: Call {
                                                            func: Located {
                                                                range: 45..55,
                                                                custom: (),
                                                                node: Name {
                                                                    id: "ValueError",
                                                                    ctx: Load,
                                                                },
                                                            },
                                                            args: [
                                                                Located {
                                                                    range: 56..57,
                                                                    custom: (),
                                                                    node: Constant {
                                                                        value: Int(
                                                                            1,
                                                                        ),
                                                                        kind: None,
                                                                    },
                                                                },
                                                            ],
                                                            keywords: [],
                                                        },
                                                    },
                                                    Located {
                                                        range: 60..72,
                                                        custom: (),
                                                        node: Call {
                                                            func: Located {
                                                                range: 60..69,
                                                                custom: (),
                                                                node: Name {
                                                                    id: "TypeError",
                                                                    ctx: Load,
                                                                },
                                                            },
                                                            args: [
                                                                Located {
                                                                    range: 70..71,
                                                                    custom: (),
                                                                    node: Constant {
                                                                        value: Int(
                                                                            2,
                                                                        ),
                                                                        kind: None,
                                                                    },
                                                                },
                                                            ],
                                                            keywords: [],
                                                        },
                                                    },
                                                    Located {
                                                        range: 74..84,
                                                        custom: (),
                                                        node: Call {
                                                            func: Located {
                                                                range: 74..81,
                                                                custom: (),
                                                                node: Name {
                                                                    id: "OSError",
                                                                    ctx: Load,
                                                                },
                                                            },
                                                            args: [
                                                                Located {
                                                                    range: 82..83,
                                                                    custom: (),
                                                                    node: Constant {
                                                                        value: Int(
                                                                            3,
                                                                        ),
                                                                        kind: None,
                                                                    },
                                                                },
                                                            ],
                                                            keywords: [],
                                                        },
                                                    },
                                                    Located {
                                                        range: 86..96,
                                                        custom: (),
                                                        node: Call {
                                                            func: Located {
                                                                range: 86..93,
                                                                custom: (),
                                                                node: Name {
                                                                    id: "OSError",
                                                                    ctx: Load,
                                                                },
                                                            },
                                                            args: [
                                                                Located {
                                                                    range: 94..95,
                                                                    custom: (),
                                                                    node: Constant {
                                                                        value: Int(
                                                                            4,
                                                                        ),
                                                                        kind: None,
                                                                    },
                                                                },
                                                            ],
                                                            keywords: [],
                                                        },
                                                    },
                                                ],
                                                ctx: Load,
                                            },
                                        },
                                    ],
                                    keywords: [],
                                },
                            },
                        ),
                        cause: None,
                    },
                },
            ],
            handlers: [
                Located {
                    range: 99..180,
                    custom: (),
                    node: ExceptHandler {
                        type_: Some(
                            Located {
                                range: 107..116,
                                custom: (),
                                node: Name {
                                    id: "TypeError",
                                    ctx: Load,
                                },
                            },
                        ),
                        name: Some(
                            "e",
                        ),
                        body: [
                            Located {
                                range: 127..180,
                                custom: (),
                                node: Expr {
                                    value: Located {
                                        range: 127..180,
                                        custom: (),
                                        node: Call {
                                            func: Located {
                                                range: 127..132,
                                                custom: (),
                                                node: Name {
                                                    id: "print",
                                                    ctx: Load,
                                                },
                                            },
                                            args: [
                                                Located {
                                                    range: 133..179,
                                                    custom: (),
                                                    node: JoinedStr {
                                                        values: [
                                                            Located {
                                                                range: 133..179,
                                                                custom: (),
                                                                node: Constant {
                                                                    value: Str(
                                                                        "caught ",
                                                                    ),
                                                                    kind: None,
                                                                },
                                                            },
                                                            Located {
                                                                range: 133..179,
                                                                custom: (),
                                                                node: FormattedValue {
                                                                    value: Located {
                                                                        range: 143..150,
                                                                        custom: (),
                                                                        node: Call {
                                                                            func: Located {
                                                                                range: 143..147,
                                                                                custom: (),
                                                                                node: Name {
                                                                                    id: "type",
                                                                                    ctx: Load,
                                                                                },
                                                                            },
                                                                            args: [
                                                                                Located {
                                                                                    range: 148..149,
                                                                                    custom: (),
                                                                                    node: Name {
                                                                                        id: "e",
                                                                                        ctx: Load,
                                                                                    },
                                                                                },
                                                                            ],
                                                                            keywords: [],
                                                                        },
                                                                    },
                                                                    conversion: 0,
                                                                    format_spec: None,
                                                                },
                                                            },
                                                            Located {
                                                                range: 133..179,
                                                                custom: (),
                                                                node: Constant {
                                                                    value: Str(
                                                                        " with nested ",
                                                                    ),
                                                                    kind: None,
                                                                },
                                                            },
                                                            Located {
                                                                range: 133..179,
                                                                custom: (),
                                                                node: FormattedValue {
                                                                    value: Located {
                                                                        range: 165..177,
                                                                        custom: (),
                                                                        node: Attribute {
                                                                            value: Located {
                                                                                range: 165..166,
                                                                                custom: (),
                                                                                node: Name {
                                                                                    id: "e",
                                                                                    ctx: Load,
                                                                                },
                                                                            },
                                                                            attr: "exceptions",
                                                                            ctx: Load,
                                                                        },
                                                                    },
                                                                    conversion: 0,
                                                                    format_spec: None,
                                                                },
                                                            },
                                                        ],
                                                    },
                                                },
                                            ],
                                            keywords: [],
                                        },
                                    },
                                },
                            },
                        ],
                    },
                },
                Located {
                    range: 181..260,
                    custom: (),
                    node: ExceptHandler {
                        type_: Some(
                            Located {
                                range: 189..196,
                                custom: (),
                                node: Name {
                                    id: "OSError",
                                    ctx: Load,
                                },
                            },
                        ),
                        name: Some(
                            "e",
                        ),
                        body: [
                            Located {
                                range: 207..260,
                                custom: (),
                                node: Expr {
                                    value: Located {
                                        range: 207..260,
                                        custom: (),
                                        node: Call {
                                            func: Located {
                                                range: 207..212,
                                                custom: (),
                                                node: Name {
                                                    id: "print",
                                                    ctx: Load,
                                                },
                                            },
                                            args: [
                                                Located {
                                                    range: 213..259,
                                                    custom: (),
                                                    node: JoinedStr {
                                                        values: [
                                                            Located {
                                                                range: 213..259,
                                                                custom: (),
                                                                node: Constant {
                                                                    value: Str(
                                                                        "caught ",
                                                                    ),
                                                                    kind: None,
                                                                },
                                                            },
                                                            Located {
                                                                range: 213..259,
                                                                custom: (),
                                                                node: FormattedValue {
                                                                    value: Located {
                                                                        range: 223..230,
                                                                        custom: (),
                                                                        node: Call {
                                                                            func: Located {
                                                                                range: 223..227,
                                                                                custom: (),
                                                                                node: Name {
                                                                                    id: "type",
                                                                                    ctx: Load,
                                                                                },
                                                                            },
                                                                            args: [
                                                                                Located {
                                                                                    range: 228..229,
                                                                                    custom: (),
                                                                                    node: Name {
                                                                                        id: "e",
                                                                                        ctx: Load,
                                                                                    },
                                                                                },
                                                                            ],
                                                                            keywords: [],
                                                                        },
                                                                    },
                                                                    conversion: 0,
                                                                    format_spec: None,
                                                                },
                                                            },
                                                            Located {
                                                                range: 213..259,
                                                                custom: (),
                                                                node: Constant {
                                                                    value: Str(
                                                                        " with nested ",
                                                                    ),
                                                                    kind: None,
                                                                },
                                                            },
                                                            Located {
                                                                range: 213..259,
                                                                custom: (),
                                                                node: FormattedValue {
                                                                    value: Located {
                                                                        range: 245..257,
                                                                        custom: (),
                                                                        node: Attribute {
                                                                            value: Located {
                                                                                range: 245..246,
                                                                                custom: (),
                                                                                node: Name {
                                                                                    id: "e",
                                                                                    ctx: Load,
                                                                                },
                                                                            },
                                                                            attr: "exceptions",
                                                                            ctx: Load,
                                                                        },
                                                                    },
                                                                    conversion: 0,
                                                                    format_spec: None,
                                                                },
                                                            },
                                                        ],
                                                    },
                                                },
                                            ],
                                            keywords: [],
                                        },
                                    },
                                },
                            },
                        ],
                    },
                },
            ],
            orelse: [],
            finalbody: [],
        },
    },
]
