---
source: compiler/parser/src/parser.rs
expression: parse_ast
---
[
    Located {
        start: Location {
            row: 1,
            column: 1,
        },
        end: Location {
            row: 3,
            column: 9,
        },
        custom: (),
        node: If {
            test: Located {
                start: Location {
                    row: 1,
                    column: 4,
                },
                end: Location {
                    row: 1,
                    column: 5,
                },
                custom: (),
                node: Constant {
                    value: Int(
                        1,
                    ),
                    kind: None,
                },
            },
            body: [
                Located {
                    start: Location {
                        row: 1,
                        column: 7,
                    },
                    end: Location {
                        row: 1,
                        column: 9,
                    },
                    custom: (),
                    node: Expr {
                        value: Located {
                            start: Location {
                                row: 1,
                                column: 7,
                            },
                            end: Location {
                                row: 1,
                                column: 9,
                            },
                            custom: (),
                            node: Constant {
                                value: Int(
                                    10,
                                ),
                                kind: None,
                            },
                        },
                    },
                },
            ],
            orelse: [
                Located {
                    start: Location {
                        row: 2,
                        column: 1,
                    },
                    end: Location {
                        row: 3,
                        column: 1,
                    },
                    custom: (),
                    node: If {
                        test: Located {
                            start: Location {
                                row: 2,
                                column: 6,
                            },
                            end: Location {
                                row: 2,
                                column: 7,
                            },
                            custom: (),
                            node: Constant {
                                value: Int(
                                    2,
                                ),
                                kind: None,
                            },
                        },
                        body: [
                            Located {
                                start: Location {
                                    row: 2,
                                    column: 9,
                                },
                                end: Location {
                                    row: 2,
                                    column: 11,
                                },
                                custom: (),
                                node: Expr {
                                    value: Located {
                                        start: Location {
                                            row: 2,
                                            column: 9,
                                        },
                                        end: Location {
                                            row: 2,
                                            column: 11,
                                        },
                                        custom: (),
                                        node: Constant {
                                            value: Int(
                                                20,
                                            ),
                                            kind: None,
                                        },
                                    },
                                },
                            },
                        ],
                        orelse: [
                            Located {
                                start: Location {
                                    row: 3,
                                    column: 7,
                                },
                                end: Location {
                                    row: 3,
                                    column: 9,
                                },
                                custom: (),
                                node: Expr {
                                    value: Located {
                                        start: Location {
                                            row: 3,
                                            column: 7,
                                        },
                                        end: Location {
                                            row: 3,
                                            column: 9,
                                        },
                                        custom: (),
                                        node: Constant {
                                            value: Int(
                                                30,
                                            ),
                                            kind: None,
                                        },
                                    },
                                },
                            },
                        ],
                    },
                },
            ],
        },
    },
]
