---
source: compiler/parser/src/string.rs
expression: parse_ast
---
[
    Located {
        range: 0..13,
        custom: (),
        node: FormattedValue {
            value: Located {
                range: 3..6,
                custom: (),
                node: Name {
                    id: "foo",
                    ctx: Load,
                },
            },
            conversion: 0,
            format_spec: Some(
                Located {
                    range: 0..13,
                    custom: (),
                    node: JoinedStr {
                        values: [
                            Located {
                                range: 0..13,
                                custom: (),
                                node: Constant {
                                    value: Str(
                                        "spec",
                                    ),
                                    kind: None,
                                },
                            },
                        ],
                    },
                },
            ),
        },
    },
]
