---
source: compiler/parser/src/string.rs
expression: parse_ast
---
[
    Located {
        range: 0..22,
        custom: (),
        node: Expr {
            value: Located {
                range: 0..22,
                custom: (),
                node: JoinedStr {
                    values: [
                        Located {
                            range: 0..22,
                            custom: (),
                            node: Constant {
                                value: Str(
                                    "Hello world!",
                                ),
                                kind: Some(
                                    "u",
                                ),
                            },
                        },
                    ],
                },
            },
        },
    },
]
