---
source: compiler/parser/src/string.rs
expression: parse_ast
---
[
    Located {
        range: 0..17,
        custom: (),
        node: Expr {
            value: Located {
                range: 0..17,
                custom: (),
                node: Constant {
                    value: Str(
                        "Hello world",
                    ),
                    kind: Some(
                        "u",
                    ),
                },
            },
        },
    },
]
