---
source: compiler/parser/src/parser.rs
expression: parse_ast
---
Located {
    start: Location {
        row: 1,
        column: 1,
    },
    end: Location {
        row: 1,
        column: 15,
    },
    custom: (),
    node: GeneratorExp {
        elt: Located {
            start: Location {
                row: 1,
                column: 2,
            },
            end: Location {
                row: 1,
                column: 3,
            },
            custom: (),
            node: Name {
                id: "x",
                ctx: Load,
            },
        },
        generators: [
            Comprehension {
                target: Located {
                    start: Location {
                        row: 1,
                        column: 8,
                    },
                    end: Location {
                        row: 1,
                        column: 9,
                    },
                    custom: (),
                    node: Name {
                        id: "y",
                        ctx: Load,
                    },
                },
                iter: Located {
                    start: Location {
                        row: 1,
                        column: 13,
                    },
                    end: Location {
                        row: 1,
                        column: 14,
                    },
                    custom: (),
                    node: Name {
                        id: "z",
                        ctx: Load,
                    },
                },
                ifs: [],
                is_async: 0,
            },
        ],
    },
}
