---
source: compiler/parser/src/parser.rs
expression: parse_ast
---
Located {
    start: Location {
        row: 1,
        column: 1,
    },
    end: Location {
        row: 1,
        column: 24,
    },
    custom: (),
    node: GeneratorExp {
        elt: Located {
            start: Location {
                row: 1,
                column: 2,
            },
            end: Location {
                row: 1,
                column: 12,
            },
            custom: (),
            node: NamedExpr {
                target: Located {
                    start: Location {
                        row: 1,
                        column: 2,
                    },
                    end: Location {
                        row: 1,
                        column: 12,
                    },
                    custom: (),
                    node: Name {
                        id: "x",
                        ctx: Store,
                    },
                },
                value: Located {
                    start: Location {
                        row: 1,
                        column: 9,
                    },
                    end: Location {
                        row: 1,
                        column: 12,
                    },
                    custom: (),
                    node: BinOp {
                        left: Located {
                            start: Location {
                                row: 1,
                                column: 7,
                            },
                            end: Location {
                                row: 1,
                                column: 8,
                            },
                            custom: (),
                            node: Name {
                                id: "y",
                                ctx: Load,
                            },
                        },
                        op: Add,
                        right: Located {
                            start: Location {
                                row: 1,
                                column: 11,
                            },
                            end: Location {
                                row: 1,
                                column: 12,
                            },
                            custom: (),
                            node: Constant {
                                value: Int(
                                    1,
                                ),
                                kind: None,
                            },
                        },
                    },
                },
            },
        },
        generators: [
            Comprehension {
                target: Located {
                    start: Location {
                        row: 1,
                        column: 17,
                    },
                    end: Location {
                        row: 1,
                        column: 18,
                    },
                    custom: (),
                    node: Name {
                        id: "y",
                        ctx: Load,
                    },
                },
                iter: Located {
                    start: Location {
                        row: 1,
                        column: 22,
                    },
                    end: Location {
                        row: 1,
                        column: 23,
                    },
                    custom: (),
                    node: Name {
                        id: "z",
                        ctx: Load,
                    },
                },
                ifs: [],
                is_async: 0,
            },
        ],
    },
}
