---
source: crates/codegen/src/compile.rs
assertion_line: 9266
expression: "compile_exec(\"\\\nif True and False and False:\n    pass\n\")"
---
  1           0 RESUME               (0)
        >>    1 LOAD_CONST           (True)
              2 TO_BOOL
              3 CACHE
              4 CACHE
              5 CACHE
              6 POP_JUMP_IF_FALSE    (17)
              7 CACHE
              8 NOT_TAKEN
        >>    9 LOAD_CONST           (False)
             10 TO_BOOL
             11 CACHE
             12 CACHE
             13 CACHE
             14 POP_JUMP_IF_FALSE    (9)
             15 CACHE
             16 NOT_TAKEN
        >>   17 LOAD_CONST           (False)
             18 TO_BOOL
             19 CACHE
             20 CACHE
             21 CACHE
             22 POP_JUMP_IF_FALSE    (1)
             23 CACHE
             24 NOT_TAKEN

  2          25 LOAD_CONST           (None)
             26 RETURN_VALUE
