---
source: crates/codegen/src/compile.rs
expression: "compile_exec(\"\\\nif True or False or False:\n    pass\n\")"
---
  1           0 RESUME               (0)
              1 LOAD_CONST           (True)
              2 POP_JUMP_IF_TRUE     (7)
              3 LOAD_CONST           (False)
              4 POP_JUMP_IF_TRUE     (7)
              5 LOAD_CONST           (False)
              6 POP_JUMP_IF_FALSE    (7)

  2     >>    7 LOAD_CONST           (None)
              8 RETURN_VALUE
