---
source: crates/codegen/src/compile.rs
assertion_line: 12138
expression: "compile_exec(\"\\\ndef f(one: int):\n    int.new_attr: int\n    [list][0].new_attr: [int, str]\n    my_lst = [1]\n    my_lst[one]: int\n    return my_lst\n\")"
---
  1           0 RESUME               (0)
              1 LOAD_CONST           (<code object __annotate__ at ??? file "source_path", line 1>):  1               0 RESUME               (0)
                  1 LOAD_FAST_BORROW     (0, format)
                  2 LOAD_SMALL_INT       (2)
            >>    3 COMPARE_OP           (>)
                  4 CACHE
                  5 POP_JUMP_IF_FALSE    (3)
                  6 CACHE
                  7 NOT_TAKEN
                  8 LOAD_COMMON_CONSTANT (NotImplementedError)
                  9 RAISE_VARARGS        (Raise)
                 10 LOAD_CONST           ("one")
                 11 LOAD_GLOBAL          (0, int)
                 12 CACHE
                 13 CACHE
                 14 CACHE
                 15 CACHE
                 16 BUILD_MAP            (1)
                 17 RETURN_VALUE

              2 MAKE_FUNCTION
              3 LOAD_CONST           (<code object f at ??? file "source_path", line 1>):  1               0 RESUME               (0)

  2               1 LOAD_GLOBAL          (0, int)
                  2 CACHE
                  3 CACHE
                  4 CACHE
                  5 CACHE
                  6 POP_TOP

  3               7 LOAD_GLOBAL          (2, list)
                  8 CACHE
                  9 CACHE
                 10 CACHE
                 11 CACHE
                 12 BUILD_LIST           (1)
                 13 LOAD_SMALL_INT       (0)
                 14 BINARY_OP            ([])
                 15 CACHE
                 16 CACHE
                 17 CACHE
                 18 CACHE
                 19 CACHE
                 20 POP_TOP

  4              21 LOAD_SMALL_INT       (1)
                 22 BUILD_LIST           (1)
                 23 STORE_FAST           (1, my_lst)

  5              24 LOAD_FAST_BORROW     (1, my_lst)
                 25 POP_TOP
                 26 LOAD_FAST_BORROW     (0, one)
                 27 POP_TOP

  6              28 LOAD_FAST_BORROW     (1, my_lst)
                 29 RETURN_VALUE

              4 MAKE_FUNCTION
              5 SET_FUNCTION_ATTRIBUTE(Annotate)
              6 STORE_NAME           (0, f)
              7 LOAD_CONST           (None)
              8 RETURN_VALUE
