---
source: crates/codegen/src/compile.rs
assertion_line: 9071
expression: "compile_exec(\"\\\nx = Test() and False or False\n\")"
---
  1           0 RESUME               (0)
              1 LOAD_NAME            (0, Test)
              2 PUSH_NULL
              3 CALL                 (0)
              4 COPY                 (1)
              5 POP_JUMP_IF_FALSE    (10)
              6 POP_TOP
              7 LOAD_CONST           (False)
              8 COPY                 (1)
              9 POP_JUMP_IF_TRUE     (12)
        >>   10 POP_TOP
             11 LOAD_CONST           (False)
        >>   12 STORE_NAME           (1, x)
             13 LOAD_CONST           (None)
             14 RETURN_VALUE
