---
source: crates/codegen/src/compile.rs
expression: "compile_exec(\"\\\nif (True and False) or (False and True):\n    pass\n\")"
---
  1           0 RESUME               (0)
              1 LOAD_CONST           (True)
              2 POP_JUMP_IF_FALSE    (5)
              3 LOAD_CONST           (False)
              4 POP_JUMP_IF_TRUE     (9)
        >>    5 LOAD_CONST           (False)
              6 POP_JUMP_IF_FALSE    (9)
              7 LOAD_CONST           (True)
              8 POP_JUMP_IF_FALSE    (9)

  2     >>    9 LOAD_CONST           (None)
             10 RETURN_VALUE
