---
source: compiler/codegen/src/compile.rs
expression: "compile_exec(\"\\\nfor stop_exc in (StopIteration('spam'), StopAsyncIteration('ham')):\n    with self.subTest(type=type(stop_exc)):\n        try:\n            async with egg():\n                raise stop_exc\n        except Exception as ex:\n            self.assertIs(ex, stop_exc)\n        else:\n            self.fail(f'{stop_exc} was suppressed')\n\")"
---
  1           0 SetupLoop
              1 LoadNameAny          (0, StopIteration)
              2 LoadConst            ("spam")
              3 CallFunctionPositional(1)
              4 LoadNameAny          (1, StopAsyncIteration)
              5 LoadConst            ("ham")
              6 CallFunctionPositional(1)
              7 BuildTuple           (2)
              8 GetIter
        >>    9 ForIter              (71)
             10 StoreLocal           (2, stop_exc)

  2          11 LoadNameAny          (3, self)
             12 LoadMethod           (4, subTest)
             13 LoadNameAny          (5, type)
             14 LoadNameAny          (2, stop_exc)
             15 CallFunctionPositional(1)
             16 LoadConst            (("type"))
             17 CallMethodKeyword    (1)
             18 SetupWith            (68)
             19 Pop

  3          20 SetupExcept          (40)

  4          21 LoadNameAny          (6, egg)
             22 CallFunctionPositional(0)
             23 BeforeAsyncWith
             24 GetAwaitable
             25 LoadConst            (None)
             26 YieldFrom
             27 SetupAsyncWith       (33)
             28 Pop

  5          29 LoadNameAny          (2, stop_exc)
             30 Raise                (Raise)

  4          31 PopBlock
             32 EnterFinally
        >>   33 WithCleanupStart
             34 GetAwaitable
             35 LoadConst            (None)
             36 YieldFrom
             37 WithCleanupFinish
             38 PopBlock
             39 Jump                 (57)
        >>   40 Duplicate

  6          41 LoadNameAny          (7, Exception)
             42 TestOperation        (ExceptionMatch)
             43 JumpIfFalse          (56)
             44 StoreLocal           (8, ex)

  7          45 LoadNameAny          (3, self)
             46 LoadMethod           (9, assertIs)
             47 LoadNameAny          (8, ex)
             48 LoadNameAny          (2, stop_exc)
             49 CallMethodPositional (2)
             50 Pop
             51 PopException
             52 LoadConst            (None)
             53 StoreLocal           (8, ex)
             54 DeleteLocal          (8, ex)
             55 Jump                 (66)
        >>   56 Raise                (Reraise)

  9     >>   57 LoadNameAny          (3, self)
             58 LoadMethod           (10, fail)
             59 LoadConst            ("")
             60 LoadNameAny          (2, stop_exc)
             61 FormatValue          (None)
             62 LoadConst            (" was suppressed")
             63 BuildString          (2)
             64 CallMethodPositional (1)
             65 Pop

  2     >>   66 PopBlock
             67 EnterFinally
        >>   68 WithCleanupStart
             69 WithCleanupFinish
             70 Jump                 (9)
        >>   71 PopBlock
             72 ReturnConst          (None)
